ERROR - 2025-08-12 00:41:02 --> mysqli_sql_exception: Cannot add or update a child row: a foreign key constraint fails (`u474266573_db_brs`.`bus_routes_tb`, CONSTRAINT `bus_routes_tb_ibfk_1` FOREIGN KEY (`bus_trav_sched_tb_id`) REFERENCES `bus_trav_sched_tb` (`bus_trav_sched_tb_id`) ON DELETE CASCADE ON UPDATE ) in C:\xampp\htdocs\Bus-Reservation-System\vendor\codeigniter4\framework\system\Database\MySQLi\Connection.php:327
Stack trace:
#0 C:\xampp\htdocs\Bus-Reservation-System\vendor\codeigniter4\framework\system\Database\MySQLi\Connection.php(327): mysqli->query('UPDATE `bus_rou...', 0)
#1 C:\xampp\htdocs\Bus-Reservation-System\vendor\codeigniter4\framework\system\Database\BaseConnection.php(738): CodeIgniter\Database\MySQLi\Connection->execute('UPDATE `bus_rou...')
#2 C:\xampp\htdocs\Bus-Reservation-System\vendor\codeigniter4\framework\system\Database\BaseConnection.php(652): CodeIgniter\Database\BaseConnection->simpleQuery('UPDATE `bus_rou...')
#3 C:\xampp\htdocs\Bus-Reservation-System\vendor\codeigniter4\framework\system\Database\BaseBuilder.php(2521): CodeIgniter\Database\BaseConnection->query('UPDATE `bus_rou...', Array, false)
#4 C:\xampp\htdocs\Bus-Reservation-System\vendor\codeigniter4\framework\system\Model.php(461): CodeIgniter\Database\BaseBuilder->update()
#5 C:\xampp\htdocs\Bus-Reservation-System\vendor\codeigniter4\framework\system\BaseModel.php(1027): CodeIgniter\Model->doUpdate(Array, Array)
#6 C:\xampp\htdocs\Bus-Reservation-System\vendor\codeigniter4\framework\system\Model.php(863): CodeIgniter\BaseModel->update(Array, Array)
#7 C:\xampp\htdocs\Bus-Reservation-System\app\Controllers\Pages\Schedules.php(315): CodeIgniter\Model->update('3', Array)
#8 C:\xampp\htdocs\Bus-Reservation-System\vendor\codeigniter4\framework\system\CodeIgniter.php(933): App\Controllers\Pages\Schedules->editRouteSchedule()
#9 C:\xampp\htdocs\Bus-Reservation-System\vendor\codeigniter4\framework\system\CodeIgniter.php(507): CodeIgniter\CodeIgniter->runController(Object(App\Controllers\Pages\Schedules))
#10 C:\xampp\htdocs\Bus-Reservation-System\vendor\codeigniter4\framework\system\CodeIgniter.php(354): CodeIgniter\CodeIgniter->handleRequest(NULL, Object(Config\Cache), false)
#11 C:\xampp\htdocs\Bus-Reservation-System\system\Boot.php(334): CodeIgniter\CodeIgniter->run()
#12 C:\xampp\htdocs\Bus-Reservation-System\system\Boot.php(67): CodeIgniter\Boot::runCodeIgniter(Object(CodeIgniter\CodeIgniter))
#13 C:\xampp\htdocs\Bus-Reservation-System\index.php(56): CodeIgniter\Boot::bootWeb(Object(Config\Paths))
#14 {main}
CRITICAL - 2025-08-12 00:41:02 --> CodeIgniter\Database\Exceptions\DatabaseException: Cannot add or update a child row: a foreign key constraint fails (`u474266573_db_brs`.`bus_routes_tb`, CONSTRAINT `bus_routes_tb_ibfk_1` FOREIGN KEY (`bus_trav_sched_tb_id`) REFERENCES `bus_trav_sched_tb` (`bus_trav_sched_tb_id`) ON DELETE CASCADE ON UPDATE )
[Method: POST, Route: admin/schedules/editRouteSchedule]
in FCPATH\vendor\codeigniter4\framework\system\Database\BaseConnection.php on line 692.
 1 FCPATH\vendor\codeigniter4\framework\system\Database\BaseBuilder.php(2521): CodeIgniter\Database\BaseConnection->query('UPDATE `bus_routes_tb` SET `dep_time` = :dep_time:, `updated_at` = :updated_at:, `routes_tb_id` = :routes_tb_id:, `bus_trav_sched_tb_id` = :bus_trav_sched_tb_id:
WHERE `bus_routes_tb`.`bus_routes_tb_id` IN :bus_routes_tb.bus_routes_tb_id:', [...], false)
 2 FCPATH\vendor\codeigniter4\framework\system\Model.php(461): CodeIgniter\Database\BaseBuilder->update()
 3 FCPATH\vendor\codeigniter4\framework\system\BaseModel.php(1027): CodeIgniter\Model->doUpdate([...], [...])
 4 FCPATH\vendor\codeigniter4\framework\system\Model.php(863): CodeIgniter\BaseModel->update([...], [...])
 5 APPPATH\Controllers\Pages\Schedules.php(315): CodeIgniter\Model->update('3', [...])
 6 FCPATH\vendor\codeigniter4\framework\system\CodeIgniter.php(933): App\Controllers\Pages\Schedules->editRouteSchedule()
 7 FCPATH\vendor\codeigniter4\framework\system\CodeIgniter.php(507): CodeIgniter\CodeIgniter->runController(Object(App\Controllers\Pages\Schedules))
 8 FCPATH\vendor\codeigniter4\framework\system\CodeIgniter.php(354): CodeIgniter\CodeIgniter->handleRequest(null, Object(Config\Cache), false)
 9 SYSTEMPATH\Boot.php(334): CodeIgniter\CodeIgniter->run()
10 SYSTEMPATH\Boot.php(67): CodeIgniter\Boot::runCodeIgniter(Object(CodeIgniter\CodeIgniter))
11 FCPATH\index.php(56): CodeIgniter\Boot::bootWeb(Object(Config\Paths))
CRITICAL - 2025-08-12 00:41:02 --> [Caused by] CodeIgniter\Database\Exceptions\DatabaseException: Cannot add or update a child row: a foreign key constraint fails (`u474266573_db_brs`.`bus_routes_tb`, CONSTRAINT `bus_routes_tb_ibfk_1` FOREIGN KEY (`bus_trav_sched_tb_id`) REFERENCES `bus_trav_sched_tb` (`bus_trav_sched_tb_id`) ON DELETE CASCADE ON UPDATE )
in FCPATH\vendor\codeigniter4\framework\system\Database\MySQLi\Connection.php on line 332.
 1 FCPATH\vendor\codeigniter4\framework\system\Database\BaseConnection.php(738): CodeIgniter\Database\MySQLi\Connection->execute('UPDATE `bus_routes_tb` SET `dep_time` = \'00:24:00\', `updated_at` = \'2025-08-12 00:41:02\', `routes_tb_id` = \'4\', `bus_trav_sched_tb_id` = \'\'
WHERE `bus_routes_tb`.`bus_routes_tb_id` IN (\'3\')')
 2 FCPATH\vendor\codeigniter4\framework\system\Database\BaseConnection.php(652): CodeIgniter\Database\BaseConnection->simpleQuery('UPDATE `bus_routes_tb` SET `dep_time` = \'00:24:00\', `updated_at` = \'2025-08-12 00:41:02\', `routes_tb_id` = \'4\', `bus_trav_sched_tb_id` = \'\'
WHERE `bus_routes_tb`.`bus_routes_tb_id` IN (\'3\')')
 3 FCPATH\vendor\codeigniter4\framework\system\Database\BaseBuilder.php(2521): CodeIgniter\Database\BaseConnection->query('UPDATE `bus_routes_tb` SET `dep_time` = :dep_time:, `updated_at` = :updated_at:, `routes_tb_id` = :routes_tb_id:, `bus_trav_sched_tb_id` = :bus_trav_sched_tb_id:
WHERE `bus_routes_tb`.`bus_routes_tb_id` IN :bus_routes_tb.bus_routes_tb_id:', [...], false)
 4 FCPATH\vendor\codeigniter4\framework\system\Model.php(461): CodeIgniter\Database\BaseBuilder->update()
 5 FCPATH\vendor\codeigniter4\framework\system\BaseModel.php(1027): CodeIgniter\Model->doUpdate([...], [...])
 6 FCPATH\vendor\codeigniter4\framework\system\Model.php(863): CodeIgniter\BaseModel->update([...], [...])
 7 APPPATH\Controllers\Pages\Schedules.php(315): CodeIgniter\Model->update('3', [...])
 8 FCPATH\vendor\codeigniter4\framework\system\CodeIgniter.php(933): App\Controllers\Pages\Schedules->editRouteSchedule()
 9 FCPATH\vendor\codeigniter4\framework\system\CodeIgniter.php(507): CodeIgniter\CodeIgniter->runController(Object(App\Controllers\Pages\Schedules))
10 FCPATH\vendor\codeigniter4\framework\system\CodeIgniter.php(354): CodeIgniter\CodeIgniter->handleRequest(null, Object(Config\Cache), false)
11 SYSTEMPATH\Boot.php(334): CodeIgniter\CodeIgniter->run()
12 SYSTEMPATH\Boot.php(67): CodeIgniter\Boot::runCodeIgniter(Object(CodeIgniter\CodeIgniter))
13 FCPATH\index.php(56): CodeIgniter\Boot::bootWeb(Object(Config\Paths))
CRITICAL - 2025-08-12 00:41:02 --> [Caused by] mysqli_sql_exception: Cannot add or update a child row: a foreign key constraint fails (`u474266573_db_brs`.`bus_routes_tb`, CONSTRAINT `bus_routes_tb_ibfk_1` FOREIGN KEY (`bus_trav_sched_tb_id`) REFERENCES `bus_trav_sched_tb` (`bus_trav_sched_tb_id`) ON DELETE CASCADE ON UPDATE )
in FCPATH\vendor\codeigniter4\framework\system\Database\MySQLi\Connection.php on line 327.
 1 FCPATH\vendor\codeigniter4\framework\system\Database\MySQLi\Connection.php(327): mysqli->query('UPDATE `bus_routes_tb` SET `dep_time` = \'00:24:00\', `updated_at` = \'2025-08-12 00:41:02\', `routes_tb_id` = \'4\', `bus_trav_sched_tb_id` = \'\'
WHERE `bus_routes_tb`.`bus_routes_tb_id` IN (\'3\')', 0)
 2 FCPATH\vendor\codeigniter4\framework\system\Database\BaseConnection.php(738): CodeIgniter\Database\MySQLi\Connection->execute('UPDATE `bus_routes_tb` SET `dep_time` = \'00:24:00\', `updated_at` = \'2025-08-12 00:41:02\', `routes_tb_id` = \'4\', `bus_trav_sched_tb_id` = \'\'
WHERE `bus_routes_tb`.`bus_routes_tb_id` IN (\'3\')')
 3 FCPATH\vendor\codeigniter4\framework\system\Database\BaseConnection.php(652): CodeIgniter\Database\BaseConnection->simpleQuery('UPDATE `bus_routes_tb` SET `dep_time` = \'00:24:00\', `updated_at` = \'2025-08-12 00:41:02\', `routes_tb_id` = \'4\', `bus_trav_sched_tb_id` = \'\'
WHERE `bus_routes_tb`.`bus_routes_tb_id` IN (\'3\')')
 4 FCPATH\vendor\codeigniter4\framework\system\Database\BaseBuilder.php(2521): CodeIgniter\Database\BaseConnection->query('UPDATE `bus_routes_tb` SET `dep_time` = :dep_time:, `updated_at` = :updated_at:, `routes_tb_id` = :routes_tb_id:, `bus_trav_sched_tb_id` = :bus_trav_sched_tb_id:
WHERE `bus_routes_tb`.`bus_routes_tb_id` IN :bus_routes_tb.bus_routes_tb_id:', [...], false)
 5 FCPATH\vendor\codeigniter4\framework\system\Model.php(461): CodeIgniter\Database\BaseBuilder->update()
 6 FCPATH\vendor\codeigniter4\framework\system\BaseModel.php(1027): CodeIgniter\Model->doUpdate([...], [...])
 7 FCPATH\vendor\codeigniter4\framework\system\Model.php(863): CodeIgniter\BaseModel->update([...], [...])
 8 APPPATH\Controllers\Pages\Schedules.php(315): CodeIgniter\Model->update('3', [...])
 9 FCPATH\vendor\codeigniter4\framework\system\CodeIgniter.php(933): App\Controllers\Pages\Schedules->editRouteSchedule()
10 FCPATH\vendor\codeigniter4\framework\system\CodeIgniter.php(507): CodeIgniter\CodeIgniter->runController(Object(App\Controllers\Pages\Schedules))
11 FCPATH\vendor\codeigniter4\framework\system\CodeIgniter.php(354): CodeIgniter\CodeIgniter->handleRequest(null, Object(Config\Cache), false)
12 SYSTEMPATH\Boot.php(334): CodeIgniter\CodeIgniter->run()
13 SYSTEMPATH\Boot.php(67): CodeIgniter\Boot::runCodeIgniter(Object(CodeIgniter\CodeIgniter))
14 FCPATH\index.php(56): CodeIgniter\Boot::bootWeb(Object(Config\Paths))
ERROR - 2025-08-12 00:43:19 --> mysqli_sql_exception: Cannot add or update a child row: a foreign key constraint fails (`u474266573_db_brs`.`bus_routes_tb`, CONSTRAINT `bus_routes_tb_ibfk_1` FOREIGN KEY (`bus_trav_sched_tb_id`) REFERENCES `bus_trav_sched_tb` (`bus_trav_sched_tb_id`) ON DELETE CASCADE ON UPDATE ) in C:\xampp\htdocs\Bus-Reservation-System\vendor\codeigniter4\framework\system\Database\MySQLi\Connection.php:327
Stack trace:
#0 C:\xampp\htdocs\Bus-Reservation-System\vendor\codeigniter4\framework\system\Database\MySQLi\Connection.php(327): mysqli->query('UPDATE `bus_rou...', 0)
#1 C:\xampp\htdocs\Bus-Reservation-System\vendor\codeigniter4\framework\system\Database\BaseConnection.php(738): CodeIgniter\Database\MySQLi\Connection->execute('UPDATE `bus_rou...')
#2 C:\xampp\htdocs\Bus-Reservation-System\vendor\codeigniter4\framework\system\Database\BaseConnection.php(652): CodeIgniter\Database\BaseConnection->simpleQuery('UPDATE `bus_rou...')
#3 C:\xampp\htdocs\Bus-Reservation-System\vendor\codeigniter4\framework\system\Database\BaseBuilder.php(2521): CodeIgniter\Database\BaseConnection->query('UPDATE `bus_rou...', Array, false)
#4 C:\xampp\htdocs\Bus-Reservation-System\vendor\codeigniter4\framework\system\Model.php(461): CodeIgniter\Database\BaseBuilder->update()
#5 C:\xampp\htdocs\Bus-Reservation-System\vendor\codeigniter4\framework\system\BaseModel.php(1027): CodeIgniter\Model->doUpdate(Array, Array)
#6 C:\xampp\htdocs\Bus-Reservation-System\vendor\codeigniter4\framework\system\Model.php(863): CodeIgniter\BaseModel->update(Array, Array)
#7 C:\xampp\htdocs\Bus-Reservation-System\app\Controllers\Pages\Schedules.php(315): CodeIgniter\Model->update('3', Array)
#8 C:\xampp\htdocs\Bus-Reservation-System\vendor\codeigniter4\framework\system\CodeIgniter.php(933): App\Controllers\Pages\Schedules->editRouteSchedule()
#9 C:\xampp\htdocs\Bus-Reservation-System\vendor\codeigniter4\framework\system\CodeIgniter.php(507): CodeIgniter\CodeIgniter->runController(Object(App\Controllers\Pages\Schedules))
#10 C:\xampp\htdocs\Bus-Reservation-System\vendor\codeigniter4\framework\system\CodeIgniter.php(354): CodeIgniter\CodeIgniter->handleRequest(NULL, Object(Config\Cache), false)
#11 C:\xampp\htdocs\Bus-Reservation-System\system\Boot.php(334): CodeIgniter\CodeIgniter->run()
#12 C:\xampp\htdocs\Bus-Reservation-System\system\Boot.php(67): CodeIgniter\Boot::runCodeIgniter(Object(CodeIgniter\CodeIgniter))
#13 C:\xampp\htdocs\Bus-Reservation-System\index.php(56): CodeIgniter\Boot::bootWeb(Object(Config\Paths))
#14 {main}
CRITICAL - 2025-08-12 00:43:19 --> CodeIgniter\Database\Exceptions\DatabaseException: Cannot add or update a child row: a foreign key constraint fails (`u474266573_db_brs`.`bus_routes_tb`, CONSTRAINT `bus_routes_tb_ibfk_1` FOREIGN KEY (`bus_trav_sched_tb_id`) REFERENCES `bus_trav_sched_tb` (`bus_trav_sched_tb_id`) ON DELETE CASCADE ON UPDATE )
[Method: POST, Route: admin/schedules/editRouteSchedule]
in FCPATH\vendor\codeigniter4\framework\system\Database\BaseConnection.php on line 692.
 1 FCPATH\vendor\codeigniter4\framework\system\Database\BaseBuilder.php(2521): CodeIgniter\Database\BaseConnection->query('UPDATE `bus_routes_tb` SET `dep_time` = :dep_time:, `updated_at` = :updated_at:, `routes_tb_id` = :routes_tb_id:, `bus_trav_sched_tb_id` = :bus_trav_sched_tb_id:
WHERE `bus_routes_tb`.`bus_routes_tb_id` IN :bus_routes_tb.bus_routes_tb_id:', [...], false)
 2 FCPATH\vendor\codeigniter4\framework\system\Model.php(461): CodeIgniter\Database\BaseBuilder->update()
 3 FCPATH\vendor\codeigniter4\framework\system\BaseModel.php(1027): CodeIgniter\Model->doUpdate([...], [...])
 4 FCPATH\vendor\codeigniter4\framework\system\Model.php(863): CodeIgniter\BaseModel->update([...], [...])
 5 APPPATH\Controllers\Pages\Schedules.php(315): CodeIgniter\Model->update('3', [...])
 6 FCPATH\vendor\codeigniter4\framework\system\CodeIgniter.php(933): App\Controllers\Pages\Schedules->editRouteSchedule()
 7 FCPATH\vendor\codeigniter4\framework\system\CodeIgniter.php(507): CodeIgniter\CodeIgniter->runController(Object(App\Controllers\Pages\Schedules))
 8 FCPATH\vendor\codeigniter4\framework\system\CodeIgniter.php(354): CodeIgniter\CodeIgniter->handleRequest(null, Object(Config\Cache), false)
 9 SYSTEMPATH\Boot.php(334): CodeIgniter\CodeIgniter->run()
10 SYSTEMPATH\Boot.php(67): CodeIgniter\Boot::runCodeIgniter(Object(CodeIgniter\CodeIgniter))
11 FCPATH\index.php(56): CodeIgniter\Boot::bootWeb(Object(Config\Paths))
CRITICAL - 2025-08-12 00:43:19 --> [Caused by] CodeIgniter\Database\Exceptions\DatabaseException: Cannot add or update a child row: a foreign key constraint fails (`u474266573_db_brs`.`bus_routes_tb`, CONSTRAINT `bus_routes_tb_ibfk_1` FOREIGN KEY (`bus_trav_sched_tb_id`) REFERENCES `bus_trav_sched_tb` (`bus_trav_sched_tb_id`) ON DELETE CASCADE ON UPDATE )
in FCPATH\vendor\codeigniter4\framework\system\Database\MySQLi\Connection.php on line 332.
 1 FCPATH\vendor\codeigniter4\framework\system\Database\BaseConnection.php(738): CodeIgniter\Database\MySQLi\Connection->execute('UPDATE `bus_routes_tb` SET `dep_time` = \'00:24:00\', `updated_at` = \'2025-08-12 00:43:19\', `routes_tb_id` = \'4\', `bus_trav_sched_tb_id` = \'\'
WHERE `bus_routes_tb`.`bus_routes_tb_id` IN (\'3\')')
 2 FCPATH\vendor\codeigniter4\framework\system\Database\BaseConnection.php(652): CodeIgniter\Database\BaseConnection->simpleQuery('UPDATE `bus_routes_tb` SET `dep_time` = \'00:24:00\', `updated_at` = \'2025-08-12 00:43:19\', `routes_tb_id` = \'4\', `bus_trav_sched_tb_id` = \'\'
WHERE `bus_routes_tb`.`bus_routes_tb_id` IN (\'3\')')
 3 FCPATH\vendor\codeigniter4\framework\system\Database\BaseBuilder.php(2521): CodeIgniter\Database\BaseConnection->query('UPDATE `bus_routes_tb` SET `dep_time` = :dep_time:, `updated_at` = :updated_at:, `routes_tb_id` = :routes_tb_id:, `bus_trav_sched_tb_id` = :bus_trav_sched_tb_id:
WHERE `bus_routes_tb`.`bus_routes_tb_id` IN :bus_routes_tb.bus_routes_tb_id:', [...], false)
 4 FCPATH\vendor\codeigniter4\framework\system\Model.php(461): CodeIgniter\Database\BaseBuilder->update()
 5 FCPATH\vendor\codeigniter4\framework\system\BaseModel.php(1027): CodeIgniter\Model->doUpdate([...], [...])
 6 FCPATH\vendor\codeigniter4\framework\system\Model.php(863): CodeIgniter\BaseModel->update([...], [...])
 7 APPPATH\Controllers\Pages\Schedules.php(315): CodeIgniter\Model->update('3', [...])
 8 FCPATH\vendor\codeigniter4\framework\system\CodeIgniter.php(933): App\Controllers\Pages\Schedules->editRouteSchedule()
 9 FCPATH\vendor\codeigniter4\framework\system\CodeIgniter.php(507): CodeIgniter\CodeIgniter->runController(Object(App\Controllers\Pages\Schedules))
10 FCPATH\vendor\codeigniter4\framework\system\CodeIgniter.php(354): CodeIgniter\CodeIgniter->handleRequest(null, Object(Config\Cache), false)
11 SYSTEMPATH\Boot.php(334): CodeIgniter\CodeIgniter->run()
12 SYSTEMPATH\Boot.php(67): CodeIgniter\Boot::runCodeIgniter(Object(CodeIgniter\CodeIgniter))
13 FCPATH\index.php(56): CodeIgniter\Boot::bootWeb(Object(Config\Paths))
CRITICAL - 2025-08-12 00:43:19 --> [Caused by] mysqli_sql_exception: Cannot add or update a child row: a foreign key constraint fails (`u474266573_db_brs`.`bus_routes_tb`, CONSTRAINT `bus_routes_tb_ibfk_1` FOREIGN KEY (`bus_trav_sched_tb_id`) REFERENCES `bus_trav_sched_tb` (`bus_trav_sched_tb_id`) ON DELETE CASCADE ON UPDATE )
in FCPATH\vendor\codeigniter4\framework\system\Database\MySQLi\Connection.php on line 327.
 1 FCPATH\vendor\codeigniter4\framework\system\Database\MySQLi\Connection.php(327): mysqli->query('UPDATE `bus_routes_tb` SET `dep_time` = \'00:24:00\', `updated_at` = \'2025-08-12 00:43:19\', `routes_tb_id` = \'4\', `bus_trav_sched_tb_id` = \'\'
WHERE `bus_routes_tb`.`bus_routes_tb_id` IN (\'3\')', 0)
 2 FCPATH\vendor\codeigniter4\framework\system\Database\BaseConnection.php(738): CodeIgniter\Database\MySQLi\Connection->execute('UPDATE `bus_routes_tb` SET `dep_time` = \'00:24:00\', `updated_at` = \'2025-08-12 00:43:19\', `routes_tb_id` = \'4\', `bus_trav_sched_tb_id` = \'\'
WHERE `bus_routes_tb`.`bus_routes_tb_id` IN (\'3\')')
 3 FCPATH\vendor\codeigniter4\framework\system\Database\BaseConnection.php(652): CodeIgniter\Database\BaseConnection->simpleQuery('UPDATE `bus_routes_tb` SET `dep_time` = \'00:24:00\', `updated_at` = \'2025-08-12 00:43:19\', `routes_tb_id` = \'4\', `bus_trav_sched_tb_id` = \'\'
WHERE `bus_routes_tb`.`bus_routes_tb_id` IN (\'3\')')
 4 FCPATH\vendor\codeigniter4\framework\system\Database\BaseBuilder.php(2521): CodeIgniter\Database\BaseConnection->query('UPDATE `bus_routes_tb` SET `dep_time` = :dep_time:, `updated_at` = :updated_at:, `routes_tb_id` = :routes_tb_id:, `bus_trav_sched_tb_id` = :bus_trav_sched_tb_id:
WHERE `bus_routes_tb`.`bus_routes_tb_id` IN :bus_routes_tb.bus_routes_tb_id:', [...], false)
 5 FCPATH\vendor\codeigniter4\framework\system\Model.php(461): CodeIgniter\Database\BaseBuilder->update()
 6 FCPATH\vendor\codeigniter4\framework\system\BaseModel.php(1027): CodeIgniter\Model->doUpdate([...], [...])
 7 FCPATH\vendor\codeigniter4\framework\system\Model.php(863): CodeIgniter\BaseModel->update([...], [...])
 8 APPPATH\Controllers\Pages\Schedules.php(315): CodeIgniter\Model->update('3', [...])
 9 FCPATH\vendor\codeigniter4\framework\system\CodeIgniter.php(933): App\Controllers\Pages\Schedules->editRouteSchedule()
10 FCPATH\vendor\codeigniter4\framework\system\CodeIgniter.php(507): CodeIgniter\CodeIgniter->runController(Object(App\Controllers\Pages\Schedules))
11 FCPATH\vendor\codeigniter4\framework\system\CodeIgniter.php(354): CodeIgniter\CodeIgniter->handleRequest(null, Object(Config\Cache), false)
12 SYSTEMPATH\Boot.php(334): CodeIgniter\CodeIgniter->run()
13 SYSTEMPATH\Boot.php(67): CodeIgniter\Boot::runCodeIgniter(Object(CodeIgniter\CodeIgniter))
14 FCPATH\index.php(56): CodeIgniter\Boot::bootWeb(Object(Config\Paths))
ERROR - 2025-08-12 00:43:40 --> mysqli_sql_exception: Cannot add or update a child row: a foreign key constraint fails (`u474266573_db_brs`.`bus_routes_tb`, CONSTRAINT `bus_routes_tb_ibfk_1` FOREIGN KEY (`bus_trav_sched_tb_id`) REFERENCES `bus_trav_sched_tb` (`bus_trav_sched_tb_id`) ON DELETE CASCADE ON UPDATE ) in C:\xampp\htdocs\Bus-Reservation-System\vendor\codeigniter4\framework\system\Database\MySQLi\Connection.php:327
Stack trace:
#0 C:\xampp\htdocs\Bus-Reservation-System\vendor\codeigniter4\framework\system\Database\MySQLi\Connection.php(327): mysqli->query('UPDATE `bus_rou...', 0)
#1 C:\xampp\htdocs\Bus-Reservation-System\vendor\codeigniter4\framework\system\Database\BaseConnection.php(738): CodeIgniter\Database\MySQLi\Connection->execute('UPDATE `bus_rou...')
#2 C:\xampp\htdocs\Bus-Reservation-System\vendor\codeigniter4\framework\system\Database\BaseConnection.php(652): CodeIgniter\Database\BaseConnection->simpleQuery('UPDATE `bus_rou...')
#3 C:\xampp\htdocs\Bus-Reservation-System\vendor\codeigniter4\framework\system\Database\BaseBuilder.php(2521): CodeIgniter\Database\BaseConnection->query('UPDATE `bus_rou...', Array, false)
#4 C:\xampp\htdocs\Bus-Reservation-System\vendor\codeigniter4\framework\system\Model.php(461): CodeIgniter\Database\BaseBuilder->update()
#5 C:\xampp\htdocs\Bus-Reservation-System\vendor\codeigniter4\framework\system\BaseModel.php(1027): CodeIgniter\Model->doUpdate(Array, Array)
#6 C:\xampp\htdocs\Bus-Reservation-System\vendor\codeigniter4\framework\system\Model.php(863): CodeIgniter\BaseModel->update(Array, Array)
#7 C:\xampp\htdocs\Bus-Reservation-System\app\Controllers\Pages\Schedules.php(315): CodeIgniter\Model->update('3', Array)
#8 C:\xampp\htdocs\Bus-Reservation-System\vendor\codeigniter4\framework\system\CodeIgniter.php(933): App\Controllers\Pages\Schedules->editRouteSchedule()
#9 C:\xampp\htdocs\Bus-Reservation-System\vendor\codeigniter4\framework\system\CodeIgniter.php(507): CodeIgniter\CodeIgniter->runController(Object(App\Controllers\Pages\Schedules))
#10 C:\xampp\htdocs\Bus-Reservation-System\vendor\codeigniter4\framework\system\CodeIgniter.php(354): CodeIgniter\CodeIgniter->handleRequest(NULL, Object(Config\Cache), false)
#11 C:\xampp\htdocs\Bus-Reservation-System\system\Boot.php(334): CodeIgniter\CodeIgniter->run()
#12 C:\xampp\htdocs\Bus-Reservation-System\system\Boot.php(67): CodeIgniter\Boot::runCodeIgniter(Object(CodeIgniter\CodeIgniter))
#13 C:\xampp\htdocs\Bus-Reservation-System\index.php(56): CodeIgniter\Boot::bootWeb(Object(Config\Paths))
#14 {main}
CRITICAL - 2025-08-12 00:43:40 --> CodeIgniter\Database\Exceptions\DatabaseException: Cannot add or update a child row: a foreign key constraint fails (`u474266573_db_brs`.`bus_routes_tb`, CONSTRAINT `bus_routes_tb_ibfk_1` FOREIGN KEY (`bus_trav_sched_tb_id`) REFERENCES `bus_trav_sched_tb` (`bus_trav_sched_tb_id`) ON DELETE CASCADE ON UPDATE )
[Method: POST, Route: admin/schedules/editRouteSchedule]
in FCPATH\vendor\codeigniter4\framework\system\Database\BaseConnection.php on line 692.
 1 FCPATH\vendor\codeigniter4\framework\system\Database\BaseBuilder.php(2521): CodeIgniter\Database\BaseConnection->query('UPDATE `bus_routes_tb` SET `dep_time` = :dep_time:, `updated_at` = :updated_at:, `routes_tb_id` = :routes_tb_id:, `bus_trav_sched_tb_id` = :bus_trav_sched_tb_id:
WHERE `bus_routes_tb`.`bus_routes_tb_id` IN :bus_routes_tb.bus_routes_tb_id:', [...], false)
 2 FCPATH\vendor\codeigniter4\framework\system\Model.php(461): CodeIgniter\Database\BaseBuilder->update()
 3 FCPATH\vendor\codeigniter4\framework\system\BaseModel.php(1027): CodeIgniter\Model->doUpdate([...], [...])
 4 FCPATH\vendor\codeigniter4\framework\system\Model.php(863): CodeIgniter\BaseModel->update([...], [...])
 5 APPPATH\Controllers\Pages\Schedules.php(315): CodeIgniter\Model->update('3', [...])
 6 FCPATH\vendor\codeigniter4\framework\system\CodeIgniter.php(933): App\Controllers\Pages\Schedules->editRouteSchedule()
 7 FCPATH\vendor\codeigniter4\framework\system\CodeIgniter.php(507): CodeIgniter\CodeIgniter->runController(Object(App\Controllers\Pages\Schedules))
 8 FCPATH\vendor\codeigniter4\framework\system\CodeIgniter.php(354): CodeIgniter\CodeIgniter->handleRequest(null, Object(Config\Cache), false)
 9 SYSTEMPATH\Boot.php(334): CodeIgniter\CodeIgniter->run()
10 SYSTEMPATH\Boot.php(67): CodeIgniter\Boot::runCodeIgniter(Object(CodeIgniter\CodeIgniter))
11 FCPATH\index.php(56): CodeIgniter\Boot::bootWeb(Object(Config\Paths))
CRITICAL - 2025-08-12 00:43:40 --> [Caused by] CodeIgniter\Database\Exceptions\DatabaseException: Cannot add or update a child row: a foreign key constraint fails (`u474266573_db_brs`.`bus_routes_tb`, CONSTRAINT `bus_routes_tb_ibfk_1` FOREIGN KEY (`bus_trav_sched_tb_id`) REFERENCES `bus_trav_sched_tb` (`bus_trav_sched_tb_id`) ON DELETE CASCADE ON UPDATE )
in FCPATH\vendor\codeigniter4\framework\system\Database\MySQLi\Connection.php on line 332.
 1 FCPATH\vendor\codeigniter4\framework\system\Database\BaseConnection.php(738): CodeIgniter\Database\MySQLi\Connection->execute('UPDATE `bus_routes_tb` SET `dep_time` = \'00:24:00\', `updated_at` = \'2025-08-12 00:43:40\', `routes_tb_id` = \'4\', `bus_trav_sched_tb_id` = \'\'
WHERE `bus_routes_tb`.`bus_routes_tb_id` IN (\'3\')')
 2 FCPATH\vendor\codeigniter4\framework\system\Database\BaseConnection.php(652): CodeIgniter\Database\BaseConnection->simpleQuery('UPDATE `bus_routes_tb` SET `dep_time` = \'00:24:00\', `updated_at` = \'2025-08-12 00:43:40\', `routes_tb_id` = \'4\', `bus_trav_sched_tb_id` = \'\'
WHERE `bus_routes_tb`.`bus_routes_tb_id` IN (\'3\')')
 3 FCPATH\vendor\codeigniter4\framework\system\Database\BaseBuilder.php(2521): CodeIgniter\Database\BaseConnection->query('UPDATE `bus_routes_tb` SET `dep_time` = :dep_time:, `updated_at` = :updated_at:, `routes_tb_id` = :routes_tb_id:, `bus_trav_sched_tb_id` = :bus_trav_sched_tb_id:
WHERE `bus_routes_tb`.`bus_routes_tb_id` IN :bus_routes_tb.bus_routes_tb_id:', [...], false)
 4 FCPATH\vendor\codeigniter4\framework\system\Model.php(461): CodeIgniter\Database\BaseBuilder->update()
 5 FCPATH\vendor\codeigniter4\framework\system\BaseModel.php(1027): CodeIgniter\Model->doUpdate([...], [...])
 6 FCPATH\vendor\codeigniter4\framework\system\Model.php(863): CodeIgniter\BaseModel->update([...], [...])
 7 APPPATH\Controllers\Pages\Schedules.php(315): CodeIgniter\Model->update('3', [...])
 8 FCPATH\vendor\codeigniter4\framework\system\CodeIgniter.php(933): App\Controllers\Pages\Schedules->editRouteSchedule()
 9 FCPATH\vendor\codeigniter4\framework\system\CodeIgniter.php(507): CodeIgniter\CodeIgniter->runController(Object(App\Controllers\Pages\Schedules))
10 FCPATH\vendor\codeigniter4\framework\system\CodeIgniter.php(354): CodeIgniter\CodeIgniter->handleRequest(null, Object(Config\Cache), false)
11 SYSTEMPATH\Boot.php(334): CodeIgniter\CodeIgniter->run()
12 SYSTEMPATH\Boot.php(67): CodeIgniter\Boot::runCodeIgniter(Object(CodeIgniter\CodeIgniter))
13 FCPATH\index.php(56): CodeIgniter\Boot::bootWeb(Object(Config\Paths))
CRITICAL - 2025-08-12 00:43:40 --> [Caused by] mysqli_sql_exception: Cannot add or update a child row: a foreign key constraint fails (`u474266573_db_brs`.`bus_routes_tb`, CONSTRAINT `bus_routes_tb_ibfk_1` FOREIGN KEY (`bus_trav_sched_tb_id`) REFERENCES `bus_trav_sched_tb` (`bus_trav_sched_tb_id`) ON DELETE CASCADE ON UPDATE )
in FCPATH\vendor\codeigniter4\framework\system\Database\MySQLi\Connection.php on line 327.
 1 FCPATH\vendor\codeigniter4\framework\system\Database\MySQLi\Connection.php(327): mysqli->query('UPDATE `bus_routes_tb` SET `dep_time` = \'00:24:00\', `updated_at` = \'2025-08-12 00:43:40\', `routes_tb_id` = \'4\', `bus_trav_sched_tb_id` = \'\'
WHERE `bus_routes_tb`.`bus_routes_tb_id` IN (\'3\')', 0)
 2 FCPATH\vendor\codeigniter4\framework\system\Database\BaseConnection.php(738): CodeIgniter\Database\MySQLi\Connection->execute('UPDATE `bus_routes_tb` SET `dep_time` = \'00:24:00\', `updated_at` = \'2025-08-12 00:43:40\', `routes_tb_id` = \'4\', `bus_trav_sched_tb_id` = \'\'
WHERE `bus_routes_tb`.`bus_routes_tb_id` IN (\'3\')')
 3 FCPATH\vendor\codeigniter4\framework\system\Database\BaseConnection.php(652): CodeIgniter\Database\BaseConnection->simpleQuery('UPDATE `bus_routes_tb` SET `dep_time` = \'00:24:00\', `updated_at` = \'2025-08-12 00:43:40\', `routes_tb_id` = \'4\', `bus_trav_sched_tb_id` = \'\'
WHERE `bus_routes_tb`.`bus_routes_tb_id` IN (\'3\')')
 4 FCPATH\vendor\codeigniter4\framework\system\Database\BaseBuilder.php(2521): CodeIgniter\Database\BaseConnection->query('UPDATE `bus_routes_tb` SET `dep_time` = :dep_time:, `updated_at` = :updated_at:, `routes_tb_id` = :routes_tb_id:, `bus_trav_sched_tb_id` = :bus_trav_sched_tb_id:
WHERE `bus_routes_tb`.`bus_routes_tb_id` IN :bus_routes_tb.bus_routes_tb_id:', [...], false)
 5 FCPATH\vendor\codeigniter4\framework\system\Model.php(461): CodeIgniter\Database\BaseBuilder->update()
 6 FCPATH\vendor\codeigniter4\framework\system\BaseModel.php(1027): CodeIgniter\Model->doUpdate([...], [...])
 7 FCPATH\vendor\codeigniter4\framework\system\Model.php(863): CodeIgniter\BaseModel->update([...], [...])
 8 APPPATH\Controllers\Pages\Schedules.php(315): CodeIgniter\Model->update('3', [...])
 9 FCPATH\vendor\codeigniter4\framework\system\CodeIgniter.php(933): App\Controllers\Pages\Schedules->editRouteSchedule()
10 FCPATH\vendor\codeigniter4\framework\system\CodeIgniter.php(507): CodeIgniter\CodeIgniter->runController(Object(App\Controllers\Pages\Schedules))
11 FCPATH\vendor\codeigniter4\framework\system\CodeIgniter.php(354): CodeIgniter\CodeIgniter->handleRequest(null, Object(Config\Cache), false)
12 SYSTEMPATH\Boot.php(334): CodeIgniter\CodeIgniter->run()
13 SYSTEMPATH\Boot.php(67): CodeIgniter\Boot::runCodeIgniter(Object(CodeIgniter\CodeIgniter))
14 FCPATH\index.php(56): CodeIgniter\Boot::bootWeb(Object(Config\Paths))
