CRITICAL - 2025-08-07 09:44:52 --> Error: Class "App\Controllers\Pages\BaseController" not found
[Method: POST, Route: admin/buses/addBus]
in APPPATH\Controllers\Pages\Buses.php on line 8.
 1 FCPATH\vendor\composer\ClassLoader.php(576): include()
 2 FCPATH\vendor\composer\ClassLoader.php(427): Composer\Autoload\{closure}('C:\\xampp\\htdocs\\Bus-Reservation-System\\vendor\\composer/../../app\\Controllers\\Pages\\Buses.php')
 3 [internal function]: Composer\Autoload\ClassLoader->loadClass('App\\Controllers\\Pages\\Buses')
 4 FCPATH\vendor\codeigniter4\framework\system\CodeIgniter.php(885): class_exists('\\App\\Controllers\\Pages\\Buses', true)
 5 FCPATH\vendor\codeigniter4\framework\system\CodeIgniter.php(494): CodeIgniter\CodeIgniter->startController()
 6 FCPATH\vendor\codeigniter4\framework\system\CodeIgniter.php(354): CodeIgniter\CodeIgniter->handleRequest(null, Object(Config\Cache), false)
 7 SYSTEMPATH\Boot.php(334): CodeIgniter\CodeIgniter->run()
 8 SYSTEMPATH\Boot.php(67): CodeIgniter\Boot::runCodeIgniter(Object(CodeIgniter\CodeIgniter))
 9 FCPATH\index.php(56): CodeIgniter\Boot::bootWeb(Object(Config\Paths))
CRITICAL - 2025-08-07 09:45:51 --> Error: Class "App\Controllers\Pages\BaseController" not found
[Method: POST, Route: admin/buses/addBus]
in APPPATH\Controllers\Pages\Buses.php on line 8.
 1 FCPATH\vendor\composer\ClassLoader.php(576): include()
 2 FCPATH\vendor\composer\ClassLoader.php(427): Composer\Autoload\{closure}('C:\\xampp\\htdocs\\Bus-Reservation-System\\vendor\\composer/../../app\\Controllers\\Pages\\Buses.php')
 3 [internal function]: Composer\Autoload\ClassLoader->loadClass('App\\Controllers\\Pages\\Buses')
 4 FCPATH\vendor\codeigniter4\framework\system\CodeIgniter.php(885): class_exists('\\App\\Controllers\\Pages\\Buses', true)
 5 FCPATH\vendor\codeigniter4\framework\system\CodeIgniter.php(494): CodeIgniter\CodeIgniter->startController()
 6 FCPATH\vendor\codeigniter4\framework\system\CodeIgniter.php(354): CodeIgniter\CodeIgniter->handleRequest(null, Object(Config\Cache), false)
 7 SYSTEMPATH\Boot.php(334): CodeIgniter\CodeIgniter->run()
 8 SYSTEMPATH\Boot.php(67): CodeIgniter\Boot::runCodeIgniter(Object(CodeIgniter\CodeIgniter))
 9 FCPATH\index.php(56): CodeIgniter\Boot::bootWeb(Object(Config\Paths))
CRITICAL - 2025-08-07 09:48:04 --> Error: Class "App\Controllers\Pages\BaseController" not found
[Method: POST, Route: admin/buses/addBus]
in APPPATH\Controllers\Pages\Buses.php on line 8.
 1 FCPATH\vendor\composer\ClassLoader.php(576): include()
 2 FCPATH\vendor\composer\ClassLoader.php(427): Composer\Autoload\{closure}('C:\\xampp\\htdocs\\Bus-Reservation-System\\vendor\\composer/../../app\\Controllers\\Pages\\Buses.php')
 3 [internal function]: Composer\Autoload\ClassLoader->loadClass('App\\Controllers\\Pages\\Buses')
 4 FCPATH\vendor\codeigniter4\framework\system\CodeIgniter.php(885): class_exists('\\App\\Controllers\\Pages\\Buses', true)
 5 FCPATH\vendor\codeigniter4\framework\system\CodeIgniter.php(494): CodeIgniter\CodeIgniter->startController()
 6 FCPATH\vendor\codeigniter4\framework\system\CodeIgniter.php(354): CodeIgniter\CodeIgniter->handleRequest(null, Object(Config\Cache), false)
 7 SYSTEMPATH\Boot.php(334): CodeIgniter\CodeIgniter->run()
 8 SYSTEMPATH\Boot.php(67): CodeIgniter\Boot::runCodeIgniter(Object(CodeIgniter\CodeIgniter))
 9 FCPATH\index.php(56): CodeIgniter\Boot::bootWeb(Object(Config\Paths))
CRITICAL - 2025-08-07 09:48:17 --> Error: Class "App\Controllers\Pages\BaseController" not found
[Method: POST, Route: admin/buses/addBus]
in APPPATH\Controllers\Pages\Buses.php on line 8.
 1 FCPATH\vendor\composer\ClassLoader.php(576): include()
 2 FCPATH\vendor\composer\ClassLoader.php(427): Composer\Autoload\{closure}('C:\\xampp\\htdocs\\Bus-Reservation-System\\vendor\\composer/../../app\\Controllers\\Pages\\Buses.php')
 3 [internal function]: Composer\Autoload\ClassLoader->loadClass('App\\Controllers\\Pages\\Buses')
 4 FCPATH\vendor\codeigniter4\framework\system\CodeIgniter.php(885): class_exists('\\App\\Controllers\\Pages\\Buses', true)
 5 FCPATH\vendor\codeigniter4\framework\system\CodeIgniter.php(494): CodeIgniter\CodeIgniter->startController()
 6 FCPATH\vendor\codeigniter4\framework\system\CodeIgniter.php(354): CodeIgniter\CodeIgniter->handleRequest(null, Object(Config\Cache), false)
 7 SYSTEMPATH\Boot.php(334): CodeIgniter\CodeIgniter->run()
 8 SYSTEMPATH\Boot.php(67): CodeIgniter\Boot::runCodeIgniter(Object(CodeIgniter\CodeIgniter))
 9 FCPATH\index.php(56): CodeIgniter\Boot::bootWeb(Object(Config\Paths))
CRITICAL - 2025-08-07 09:52:47 --> Error: Class "App\Controllers\Pages\BaseController" not found
[Method: POST, Route: admin/buses/addBus]
in APPPATH\Controllers\Pages\Buses.php on line 8.
 1 FCPATH\vendor\composer\ClassLoader.php(576): include()
 2 FCPATH\vendor\composer\ClassLoader.php(427): Composer\Autoload\{closure}('C:\\xampp\\htdocs\\Bus-Reservation-System\\vendor\\composer/../../app\\Controllers\\Pages\\Buses.php')
 3 [internal function]: Composer\Autoload\ClassLoader->loadClass('App\\Controllers\\Pages\\Buses')
 4 FCPATH\vendor\codeigniter4\framework\system\CodeIgniter.php(885): class_exists('\\App\\Controllers\\Pages\\Buses', true)
 5 FCPATH\vendor\codeigniter4\framework\system\CodeIgniter.php(494): CodeIgniter\CodeIgniter->startController()
 6 FCPATH\vendor\codeigniter4\framework\system\CodeIgniter.php(354): CodeIgniter\CodeIgniter->handleRequest(null, Object(Config\Cache), false)
 7 SYSTEMPATH\Boot.php(334): CodeIgniter\CodeIgniter->run()
 8 SYSTEMPATH\Boot.php(67): CodeIgniter\Boot::runCodeIgniter(Object(CodeIgniter\CodeIgniter))
 9 FCPATH\index.php(56): CodeIgniter\Boot::bootWeb(Object(Config\Paths))
CRITICAL - 2025-08-07 09:58:25 --> ErrorException: Undefined array key "icon"
[Method: GET, Route: admin/buses]
in APPPATH\Views\admin\main\footer.php on line 34.
 1 APPPATH\Views\admin\main\footer.php(34): CodeIgniter\Debug\Exceptions->errorHandler(2, 'Undefined array key "icon"', 'C:\\xampp\\htdocs\\Bus-Reservation-System\\app\\Views\\admin\\main\\footer.php', 34)
 2 FCPATH\vendor\codeigniter4\framework\system\View\View.php(224): include('C:\\xampp\\htdocs\\Bus-Reservation-System\\app\\Views\\admin\\main\\footer.php')
 3 FCPATH\vendor\codeigniter4\framework\system\View\View.php(227): CodeIgniter\View\View->CodeIgniter\View\{closure}()
 4 SYSTEMPATH\Common.php(1173): CodeIgniter\View\View->render('admin/main/footer', [], true)
 5 APPPATH\Controllers\Admin.php(110): view('admin/main/footer')
 6 FCPATH\vendor\codeigniter4\framework\system\CodeIgniter.php(933): App\Controllers\Admin->viewBuses()
 7 FCPATH\vendor\codeigniter4\framework\system\CodeIgniter.php(507): CodeIgniter\CodeIgniter->runController(Object(App\Controllers\Admin))
 8 FCPATH\vendor\codeigniter4\framework\system\CodeIgniter.php(354): CodeIgniter\CodeIgniter->handleRequest(null, Object(Config\Cache), false)
 9 SYSTEMPATH\Boot.php(334): CodeIgniter\CodeIgniter->run()
10 SYSTEMPATH\Boot.php(67): CodeIgniter\Boot::runCodeIgniter(Object(CodeIgniter\CodeIgniter))
11 FCPATH\index.php(56): CodeIgniter\Boot::bootWeb(Object(Config\Paths))
CRITICAL - 2025-08-07 10:00:32 --> ErrorException: Undefined array key "icon"
[Method: GET, Route: admin/buses]
in APPPATH\Views\admin\main\footer.php on line 34.
 1 APPPATH\Views\admin\main\footer.php(34): CodeIgniter\Debug\Exceptions->errorHandler(2, 'Undefined array key "icon"', 'C:\\xampp\\htdocs\\Bus-Reservation-System\\app\\Views\\admin\\main\\footer.php', 34)
 2 FCPATH\vendor\codeigniter4\framework\system\View\View.php(224): include('C:\\xampp\\htdocs\\Bus-Reservation-System\\app\\Views\\admin\\main\\footer.php')
 3 FCPATH\vendor\codeigniter4\framework\system\View\View.php(227): CodeIgniter\View\View->CodeIgniter\View\{closure}()
 4 SYSTEMPATH\Common.php(1173): CodeIgniter\View\View->render('admin/main/footer', [], true)
 5 APPPATH\Controllers\Admin.php(110): view('admin/main/footer')
 6 FCPATH\vendor\codeigniter4\framework\system\CodeIgniter.php(933): App\Controllers\Admin->viewBuses()
 7 FCPATH\vendor\codeigniter4\framework\system\CodeIgniter.php(507): CodeIgniter\CodeIgniter->runController(Object(App\Controllers\Admin))
 8 FCPATH\vendor\codeigniter4\framework\system\CodeIgniter.php(354): CodeIgniter\CodeIgniter->handleRequest(null, Object(Config\Cache), false)
 9 SYSTEMPATH\Boot.php(334): CodeIgniter\CodeIgniter->run()
10 SYSTEMPATH\Boot.php(67): CodeIgniter\Boot::runCodeIgniter(Object(CodeIgniter\CodeIgniter))
11 FCPATH\index.php(56): CodeIgniter\Boot::bootWeb(Object(Config\Paths))
CRITICAL - 2025-08-07 10:05:54 --> ErrorException: Undefined array key "icon"
[Method: GET, Route: admin/buses]
in APPPATH\Views\admin\main\footer.php on line 34.
 1 APPPATH\Views\admin\main\footer.php(34): CodeIgniter\Debug\Exceptions->errorHandler(2, 'Undefined array key "icon"', 'C:\\xampp\\htdocs\\Bus-Reservation-System\\app\\Views\\admin\\main\\footer.php', 34)
 2 FCPATH\vendor\codeigniter4\framework\system\View\View.php(224): include('C:\\xampp\\htdocs\\Bus-Reservation-System\\app\\Views\\admin\\main\\footer.php')
 3 FCPATH\vendor\codeigniter4\framework\system\View\View.php(227): CodeIgniter\View\View->CodeIgniter\View\{closure}()
 4 SYSTEMPATH\Common.php(1173): CodeIgniter\View\View->render('admin/main/footer', [], true)
 5 APPPATH\Controllers\Admin.php(110): view('admin/main/footer')
 6 FCPATH\vendor\codeigniter4\framework\system\CodeIgniter.php(933): App\Controllers\Admin->viewBuses()
 7 FCPATH\vendor\codeigniter4\framework\system\CodeIgniter.php(507): CodeIgniter\CodeIgniter->runController(Object(App\Controllers\Admin))
 8 FCPATH\vendor\codeigniter4\framework\system\CodeIgniter.php(354): CodeIgniter\CodeIgniter->handleRequest(null, Object(Config\Cache), false)
 9 SYSTEMPATH\Boot.php(334): CodeIgniter\CodeIgniter->run()
10 SYSTEMPATH\Boot.php(67): CodeIgniter\Boot::runCodeIgniter(Object(CodeIgniter\CodeIgniter))
11 FCPATH\index.php(56): CodeIgniter\Boot::bootWeb(Object(Config\Paths))
CRITICAL - 2025-08-07 10:09:28 --> ErrorException: Undefined array key "icon"
[Method: GET, Route: admin/buses]
in APPPATH\Views\admin\main\footer.php on line 34.
 1 APPPATH\Views\admin\main\footer.php(34): CodeIgniter\Debug\Exceptions->errorHandler(2, 'Undefined array key "icon"', 'C:\\xampp\\htdocs\\Bus-Reservation-System\\app\\Views\\admin\\main\\footer.php', 34)
 2 FCPATH\vendor\codeigniter4\framework\system\View\View.php(224): include('C:\\xampp\\htdocs\\Bus-Reservation-System\\app\\Views\\admin\\main\\footer.php')
 3 FCPATH\vendor\codeigniter4\framework\system\View\View.php(227): CodeIgniter\View\View->CodeIgniter\View\{closure}()
 4 SYSTEMPATH\Common.php(1173): CodeIgniter\View\View->render('admin/main/footer', [], true)
 5 APPPATH\Controllers\Admin.php(110): view('admin/main/footer')
 6 FCPATH\vendor\codeigniter4\framework\system\CodeIgniter.php(933): App\Controllers\Admin->viewBuses()
 7 FCPATH\vendor\codeigniter4\framework\system\CodeIgniter.php(507): CodeIgniter\CodeIgniter->runController(Object(App\Controllers\Admin))
 8 FCPATH\vendor\codeigniter4\framework\system\CodeIgniter.php(354): CodeIgniter\CodeIgniter->handleRequest(null, Object(Config\Cache), false)
 9 SYSTEMPATH\Boot.php(334): CodeIgniter\CodeIgniter->run()
10 SYSTEMPATH\Boot.php(67): CodeIgniter\Boot::runCodeIgniter(Object(CodeIgniter\CodeIgniter))
11 FCPATH\index.php(56): CodeIgniter\Boot::bootWeb(Object(Config\Paths))
CRITICAL - 2025-08-07 10:23:50 --> ErrorException: Undefined array key "icon"
[Method: GET, Route: admin/buses]
in APPPATH\Views\admin\main\footer.php on line 34.
 1 APPPATH\Views\admin\main\footer.php(34): CodeIgniter\Debug\Exceptions->errorHandler(2, 'Undefined array key "icon"', 'C:\\xampp\\htdocs\\Bus-Reservation-System\\app\\Views\\admin\\main\\footer.php', 34)
 2 FCPATH\vendor\codeigniter4\framework\system\View\View.php(224): include('C:\\xampp\\htdocs\\Bus-Reservation-System\\app\\Views\\admin\\main\\footer.php')
 3 FCPATH\vendor\codeigniter4\framework\system\View\View.php(227): CodeIgniter\View\View->CodeIgniter\View\{closure}()
 4 SYSTEMPATH\Common.php(1173): CodeIgniter\View\View->render('admin/main/footer', [], true)
 5 APPPATH\Controllers\Admin.php(110): view('admin/main/footer')
 6 FCPATH\vendor\codeigniter4\framework\system\CodeIgniter.php(933): App\Controllers\Admin->viewBuses()
 7 FCPATH\vendor\codeigniter4\framework\system\CodeIgniter.php(507): CodeIgniter\CodeIgniter->runController(Object(App\Controllers\Admin))
 8 FCPATH\vendor\codeigniter4\framework\system\CodeIgniter.php(354): CodeIgniter\CodeIgniter->handleRequest(null, Object(Config\Cache), false)
 9 SYSTEMPATH\Boot.php(334): CodeIgniter\CodeIgniter->run()
10 SYSTEMPATH\Boot.php(67): CodeIgniter\Boot::runCodeIgniter(Object(CodeIgniter\CodeIgniter))
11 FCPATH\index.php(56): CodeIgniter\Boot::bootWeb(Object(Config\Paths))
CRITICAL - 2025-08-07 10:32:00 --> ErrorException: Undefined array key "icon"
[Method: GET, Route: admin/buses]
in APPPATH\Views\admin\main\footer.php on line 34.
 1 APPPATH\Views\admin\main\footer.php(34): CodeIgniter\Debug\Exceptions->errorHandler(2, 'Undefined array key "icon"', 'C:\\xampp\\htdocs\\Bus-Reservation-System\\app\\Views\\admin\\main\\footer.php', 34)
 2 FCPATH\vendor\codeigniter4\framework\system\View\View.php(224): include('C:\\xampp\\htdocs\\Bus-Reservation-System\\app\\Views\\admin\\main\\footer.php')
 3 FCPATH\vendor\codeigniter4\framework\system\View\View.php(227): CodeIgniter\View\View->CodeIgniter\View\{closure}()
 4 SYSTEMPATH\Common.php(1173): CodeIgniter\View\View->render('admin/main/footer', [], true)
 5 APPPATH\Controllers\Admin.php(110): view('admin/main/footer')
 6 FCPATH\vendor\codeigniter4\framework\system\CodeIgniter.php(933): App\Controllers\Admin->viewBuses()
 7 FCPATH\vendor\codeigniter4\framework\system\CodeIgniter.php(507): CodeIgniter\CodeIgniter->runController(Object(App\Controllers\Admin))
 8 FCPATH\vendor\codeigniter4\framework\system\CodeIgniter.php(354): CodeIgniter\CodeIgniter->handleRequest(null, Object(Config\Cache), false)
 9 SYSTEMPATH\Boot.php(334): CodeIgniter\CodeIgniter->run()
10 SYSTEMPATH\Boot.php(67): CodeIgniter\Boot::runCodeIgniter(Object(CodeIgniter\CodeIgniter))
11 FCPATH\index.php(56): CodeIgniter\Boot::bootWeb(Object(Config\Paths))
CRITICAL - 2025-08-07 11:02:00 --> ErrorException: Undefined array key "bus_number"
[Method: GET, Route: admin/buses]
in APPPATH\Views\admin\buses.php on line 49.
 1 APPPATH\Views\admin\buses.php(49): CodeIgniter\Debug\Exceptions->errorHandler(2, 'Undefined array key "bus_number"', 'C:\\xampp\\htdocs\\Bus-Reservation-System\\app\\Views\\admin\\buses.php', 49)
 2 FCPATH\vendor\codeigniter4\framework\system\View\View.php(224): include('C:\\xampp\\htdocs\\Bus-Reservation-System\\app\\Views\\admin\\buses.php')
 3 FCPATH\vendor\codeigniter4\framework\system\View\View.php(227): CodeIgniter\View\View->CodeIgniter\View\{closure}()
 4 SYSTEMPATH\Common.php(1173): CodeIgniter\View\View->render('admin/buses', [], true)
 5 APPPATH\Controllers\Admin.php(109): view('admin/buses')
 6 FCPATH\vendor\codeigniter4\framework\system\CodeIgniter.php(933): App\Controllers\Admin->viewBuses()
 7 FCPATH\vendor\codeigniter4\framework\system\CodeIgniter.php(507): CodeIgniter\CodeIgniter->runController(Object(App\Controllers\Admin))
 8 FCPATH\vendor\codeigniter4\framework\system\CodeIgniter.php(354): CodeIgniter\CodeIgniter->handleRequest(null, Object(Config\Cache), false)
 9 SYSTEMPATH\Boot.php(334): CodeIgniter\CodeIgniter->run()
10 SYSTEMPATH\Boot.php(67): CodeIgniter\Boot::runCodeIgniter(Object(CodeIgniter\CodeIgniter))
11 FCPATH\index.php(56): CodeIgniter\Boot::bootWeb(Object(Config\Paths))
CRITICAL - 2025-08-07 11:25:41 --> ArgumentCountError: Too few arguments to function App\Controllers\Pages\Buses::deleteBus(), 0 passed in C:\xampp\htdocs\Bus-Reservation-System\vendor\codeigniter4\framework\system\CodeIgniter.php on line 933 and exactly 1 expected
[Method: POST, Route: admin/buses/deleteBus]
in APPPATH\Controllers\Pages\Buses.php on line 59.
 1 FCPATH\vendor\codeigniter4\framework\system\CodeIgniter.php(933): App\Controllers\Pages\Buses->deleteBus()
 2 FCPATH\vendor\codeigniter4\framework\system\CodeIgniter.php(507): CodeIgniter\CodeIgniter->runController(Object(App\Controllers\Pages\Buses))
 3 FCPATH\vendor\codeigniter4\framework\system\CodeIgniter.php(354): CodeIgniter\CodeIgniter->handleRequest(null, Object(Config\Cache), false)
 4 SYSTEMPATH\Boot.php(334): CodeIgniter\CodeIgniter->run()
 5 SYSTEMPATH\Boot.php(67): CodeIgniter\Boot::runCodeIgniter(Object(CodeIgniter\CodeIgniter))
 6 FCPATH\index.php(56): CodeIgniter\Boot::bootWeb(Object(Config\Paths))
